exports[`test ComponentFilter is not rendered when rendered is false 1`] = `
<div
  id="container" />
`;

exports[`test ComponentFilter renders itself and its children when rendered is true 1`] = `
<div
  id="container">
  <div
    id="child" />
</div>
`;
